
> reactapp@0.1.0 start /home/coder/project/workspace/reactapp
> BROWSER=none PORT=8081 react-scripts start --disable-host-check --host 0.0.0.0

(node:11442) [DEP_WEBPACK_DEV_SERVER_ON_AFTER_SETUP_MIDDLEWARE] DeprecationWarning: 'onAfterSetupMiddleware' option is deprecated. Please use the 'setupMiddlewares' option.
(Use `node --trace-deprecation ...` to show where the warning was created)
(node:11442) [DEP_WEBPACK_DEV_SERVER_ON_BEFORE_SETUP_MIDDLEWARE] DeprecationWarning: 'onBeforeSetupMiddleware' option is deprecated. Please use the 'setupMiddlewares' option.
Starting the development server...

Compiled successfully!

You can now view reactapp in the browser.

  Local:            http://localhost:8081
  On Your Network:  http://10.81.146.84:8081

Note that the development build is not optimized.
To create a production build, use npm run build.

webpack compiled successfully
Compiling...
Compiled with warnings.

[eslint] 
src/components/LoginPage.jsx
  Line 3:8:  'authService' is defined but never used  no-unused-vars

Search for the keywords to learn more about each warning.
To ignore, add // eslint-disable-next-line to the line before.

WARNING in [eslint] 
src/components/LoginPage.jsx
  Line 3:8:  'authService' is defined but never used  no-unused-vars

webpack compiled with 1 warning
Failed to compile.

Module not found: Error: Can't resolve './components/Navigation' in '/home/coder/project/workspace/reactapp/src'
WARNING in [eslint] 
src/components/LoginPage.jsx
  Line 3:8:  'authService' is defined but never used  no-unused-vars

ERROR in ./src/App.js 7:0-49
Module not found: Error: Can't resolve './components/Navigation' in '/home/coder/project/workspace/reactapp/src'

ERROR in ./src/App.js 8:0-51
Module not found: Error: Can't resolve './components/LandingPage' in '/home/coder/project/workspace/reactapp/src'

ERROR in ./src/App.js 10:0-53
Module not found: Error: Can't resolve './components/RegisterPage' in '/home/coder/project/workspace/reactapp/src'

ERROR in ./src/components/UserDashboard.jsx 8:0-34
Module not found: Error: Can't resolve './CarePlan' in '/home/coder/project/workspace/reactapp/src/components'

webpack compiled with 4 errors and 1 warning
Failed to compile.

Module not found: Error: Can't resolve './components/Navigation' in '/home/coder/project/workspace/reactapp/src'
WARNING in [eslint] 
src/components/LoginPage.jsx
  Line 3:8:  'authService' is defined but never used  no-unused-vars

ERROR in ./src/App.js 7:0-49
Module not found: Error: Can't resolve './components/Navigation' in '/home/coder/project/workspace/reactapp/src'

ERROR in ./src/App.js 8:0-51
Module not found: Error: Can't resolve './components/LandingPage' in '/home/coder/project/workspace/reactapp/src'

ERROR in ./src/App.js 10:0-53
Module not found: Error: Can't resolve './components/RegisterPage' in '/home/coder/project/workspace/reactapp/src'

ERROR in ./src/App.js 14:0-49
Module not found: Error: Can't resolve './services/authService' in '/home/coder/project/workspace/reactapp/src'

ERROR in ./src/components/LoginPage.jsx 7:0-50
Module not found: Error: Can't resolve '../services/authService' in '/home/coder/project/workspace/reactapp/src/components'

ERROR in ./src/components/UserDashboard.jsx 8:0-34
Module not found: Error: Can't resolve './CarePlan' in '/home/coder/project/workspace/reactapp/src/components'

webpack compiled with 6 errors and 1 warning
Compiling...
Failed to compile.

Module not found: Error: Can't resolve './components/Navigation' in '/home/coder/project/workspace/reactapp/src'
ERROR in ./src/App.js 7:0-49
Module not found: Error: Can't resolve './components/Navigation' in '/home/coder/project/workspace/reactapp/src'

ERROR in ./src/App.js 8:0-51
Module not found: Error: Can't resolve './components/LandingPage' in '/home/coder/project/workspace/reactapp/src'

ERROR in ./src/App.js 10:0-53
Module not found: Error: Can't resolve './components/RegisterPage' in '/home/coder/project/workspace/reactapp/src'

ERROR in ./src/App.js 14:0-49
Module not found: Error: Can't resolve './services/authService' in '/home/coder/project/workspace/reactapp/src'

ERROR in ./src/components/UserDashboard.jsx 8:0-34
Module not found: Error: Can't resolve './CarePlan' in '/home/coder/project/workspace/reactapp/src/components'

ERROR in [eslint] 
src/components/LoginPage.jsx
  Line 200:10:  'Link' is not defined  react/jsx-no-undef

Search for the keywords to learn more about each error.

webpack compiled with 6 errors
Compiling...
Failed to compile.

Module not found: Error: Can't resolve './components/Navigation' in '/home/coder/project/workspace/reactapp/src'
ERROR in ./src/App.js 7:0-49
Module not found: Error: Can't resolve './components/Navigation' in '/home/coder/project/workspace/reactapp/src'

ERROR in ./src/App.js 8:0-51
Module not found: Error: Can't resolve './components/LandingPage' in '/home/coder/project/workspace/reactapp/src'

ERROR in ./src/App.js 10:0-53
Module not found: Error: Can't resolve './components/RegisterPage' in '/home/coder/project/workspace/reactapp/src'

ERROR in ./src/App.js 14:0-49
Module not found: Error: Can't resolve './services/authService' in '/home/coder/project/workspace/reactapp/src'

ERROR in ./src/components/UserDashboard.jsx 8:0-34
Module not found: Error: Can't resolve './CarePlan' in '/home/coder/project/workspace/reactapp/src/components'

webpack compiled with 5 errors
Compiling...
Failed to compile.

Module not found: Error: Can't resolve './components/Navigation' in '/home/coder/project/workspace/reactapp/src'
ERROR in ./src/App.js 7:0-49
Module not found: Error: Can't resolve './components/Navigation' in '/home/coder/project/workspace/reactapp/src'

ERROR in ./src/App.js 8:0-51
Module not found: Error: Can't resolve './components/LandingPage' in '/home/coder/project/workspace/reactapp/src'

ERROR in ./src/App.js 10:0-53
Module not found: Error: Can't resolve './components/RegisterPage' in '/home/coder/project/workspace/reactapp/src'

ERROR in ./src/App.js 14:0-49
Module not found: Error: Can't resolve './services/authService' in '/home/coder/project/workspace/reactapp/src'

ERROR in ./src/components/UserDashboard.jsx 8:0-34
Module not found: Error: Can't resolve './CarePlan' in '/home/coder/project/workspace/reactapp/src/components'

webpack compiled with 5 errors
Compiling...
Failed to compile.

Module not found: Error: Can't resolve './CarePlan' in '/home/coder/project/workspace/reactapp/src/components'
ERROR in ./src/components/UserDashboard.jsx 8:0-34
Module not found: Error: Can't resolve './CarePlan' in '/home/coder/project/workspace/reactapp/src/components'

ERROR in [eslint] 
src/App.js
  Line 12:3:   'useEffect' is not defined     no-undef
  Line 14:25:  'authService' is not defined   no-undef
  Line 47:10:  'Navigation' is not defined    react/jsx-no-undef
  Line 51:44:  'LandingPage' is not defined   react/jsx-no-undef
  Line 58:31:  'RegisterPage' is not defined  react/jsx-no-undef
  Line 75:23:  'LandingPage' is not defined   react/jsx-no-undef

Search for the keywords to learn more about each error.

webpack compiled with 2 errors
Compiling...
Failed to compile.

Module not found: Error: Can't resolve './CarePlan' in '/home/coder/project/workspace/reactapp/src/components'
ERROR in ./src/components/UserDashboard.jsx 8:0-34
Module not found: Error: Can't resolve './CarePlan' in '/home/coder/project/workspace/reactapp/src/components'

webpack compiled with 1 error
Compiling...
Compiled successfully!
webpack compiled successfully
Compiling...
Compiled successfully!
webpack compiled successfully
Compiling...
Compiled successfully!
webpack compiled successfully
Compiling...
Compiled successfully!
webpack compiled successfully
Compiling...
Compiled successfully!
webpack compiled successfully
Compiling...
Compiled with warnings.

[eslint] 
src/App.js
  Line 7:8:   'PlantForm' is defined but never used  no-unused-vars
  Line 8:8:   'PlantList' is defined but never used  no-unused-vars
  Line 9:13:  'api' is defined but never used        no-unused-vars

Search for the keywords to learn more about each warning.
To ignore, add // eslint-disable-next-line to the line before.

WARNING in [eslint] 
src/App.js
  Line 7:8:   'PlantForm' is defined but never used  no-unused-vars
  Line 8:8:   'PlantList' is defined but never used  no-unused-vars
  Line 9:13:  'api' is defined but never used        no-unused-vars

webpack compiled with 1 warning
Compiling...
Compiled successfully!
webpack compiled successfully
Compiling...
Compiled with warnings.

[eslint] 
src/App.js
  Line 1:27:  'useEffect' is defined but never used  no-unused-vars

Search for the keywords to learn more about each warning.
To ignore, add // eslint-disable-next-line to the line before.

WARNING in [eslint] 
src/App.js
  Line 1:27:  'useEffect' is defined but never used  no-unused-vars

webpack compiled with 1 warning
Compiling...
Compiled successfully!
webpack compiled successfully
Compiling...
Compiled successfully!
webpack compiled successfully
Compiling...
Compiled successfully!
webpack compiled successfully
Compiling...
Compiled successfully!
webpack compiled successfully
Compiling...
Compiled successfully!
webpack compiled successfully
